// Jest Snapshot v1, https://goo.gl/fbAQLP

exports[`Pruebas en <FirstApp /> should match with the snapshot 1`] = `
<div>
  <h1>
     
    Hola, soy Goku
     
  </h1>
  <p>
    No hay subtitulo
  </p>
  <p>
    CÃ©sar
  </p>
</div>
`;
